// Jest Snapshot v1, https://goo.gl/fbAQLP

exports[`Should render PageSelector correctly with props 1`] = `
<ul
  className="page-selector"
>
  <li
    className="current-page page-selector__link"
    id={0}
    key="0"
    onClick={[Function]}
  >
    1
  </li>
  <li
    className="page-selector__link"
    id={1}
    key="1"
    onClick={[Function]}
  >
    2
  </li>
  <li
    className="page-selector__link"
    id={2}
    key="2"
    onClick={[Function]}
  >
    3
  </li>
  <li
    className="page-selector__link"
    id={3}
    key="3"
    onClick={[Function]}
  >
    4
  </li>
  <li
    className="page-selector__link"
    id={4}
    key="4"
    onClick={[Function]}
  >
    5
  </li>
</ul>
`;
