// Jest Snapshot v1, https://goo.gl/fbAQLP

exports[`Should render TicketListItem correctly with props 1`] = `
<div
  className="ticket-list-item"
  onClick={[Function]}
>
  <div
    className="ticket-list-item__header"
  >
    <p>
      <span
        className="subject"
      >
        ex cillum cillum proident commodo
      </span>
      <span
        className="right"
      >
         ID: 
        95
      </span>
    </p>
  </div>
  <div
    className="ticket-list-item__header"
  >
    <p>
      <span
        className="date"
      >
        Thu Jun 07 2018
      </span>
      <span
        className="right"
      >
         Status: 
        open
      </span>
    </p>
  </div>
</div>
`;
